node.exe : npm warn exec The following package was not found and will be installed: vite@8.0.8
No C:\Program Files\nodejs\npx.ps1:27 caractere:12
+   $input | & $NODE_EXE $NPX_CLI_JS $args
+            ~~~~~~~~~~~~~~~~~~~~~~~~~~~~~
    + CategoryInfo          : NotSpecified: (npm warn exec T...led: vite@8.0.8:String) [], RemoteException
    + FullyQualifiedErrorId : NativeCommandError
 
vite.config.ts (1:336) [33m[UNRESOLVED_IMPORT] Warning:[0m Could not resolve 'vite' in vite.config.ts
   [38;5;246mÔò¡[0m[38;5;246mÔöÇ[0m[38;5;246m[[0m vite.config.ts:1:337 [38;5;246m][0m
   [38;5;246mÔöé[0m
 [38;5;246m1 Ôöé[0m [38;5;249mc[0m[38;5;249mo[0m[38;5;249mn[0m[38;5;249ms[0m[38;5;249mt[0m[38;5;249m [0m[38;5;249m_[0m[38
;5;249m_[0m[38;5;249mv[0m[38;5;249mi[0m[38;5;249mt[0m[38;5;249me[0m[38;5;249m_[0m[38;5;249mi[0m[38;5;249mn[0m[38;5;249mj[
0m[38;5;249me[0m[38;5;249mc[0m[38;5;249mt[0m[38;5;249me[0m[38;5;249md[0m[38;5;249m_[0m[38;5;249mo[0m[38;5;249mr[0m[38;5;2
49mi[0m[38;5;249mg[0m[38;5;249mi[0m[38;5;249mn[0m[38;5;249ma[0m[38;5;249ml[0m[38;5;249m_[0m[38;5;249md[0m[38;5;249mi[0m[
38;5;249mr[0m[38;5;249mn[0m[38;5;249ma[0m[38;5;249mm[0m[38;5;249me[0m[38;5;249m [0m[38;5;249m=[0m[38;5;249m [0m[38;5;249m"
[0m[38;5;249mC[0m[38;5;249m:[0m[38;5;249m\[0m[38;5;249m\[0m[38;5;249mU[0m[38;5;249ms[0m[38;5;249me[0m[38;5;249mr[0m[38;5
;249ms[0m[38;5;249m\[0m[38;5;249m\[0m[38;5;249mD[0m[38;5;249ma[0m[38;5;249mv[0m[38;5;249mi[0m[38;5;249m\[0m[38;5;249m\[0m
[38;5;249mD[0m[38;5;249me[0m[38;5;249ms[0m[38;5;249mk[0m[38;5;249mt[0m[38;5;249mo[0m[38;5;249mp[0m[38;5;249m\[0m[38;5;249
m\[0m[38;5;249mp[0m[38;5;249mr[0m[38;5;249mo[0m[38;5;249mj[0m[38;5;249me[0m[38;5;249mt[0m[38;5;249mo[0m[38;5;249ms[0m[38
;5;249m\[0m[38;5;249m\[0m[38;5;249mt[0m[38;5;249mo[0m[38;5;249mr[0m[38;5;249mk[0m[38;5;249m-[0m[38;5;249mc[0m[38;5;249mr[
0m[38;5;249mm[0m[38;5;249m"[0m[38;5;249m;[0m[38;5;249mc[0m[38;5;249mo[0m[38;5;249mn[0m[38;5;249ms[0m[38;5;249mt[0m[38;5;2
49m [0m[38;5;249m_[0m[38;5;249m_[0m[38;5;249mv[0m[38;5;249mi[0m[38;5;249mt[0m[38;5;249me[0m[38;5;249m_[0m[38;5;249mi[0m[
38;5;249mn[0m[38;5;249mj[0m[38;5;249me[0m[38;5;249mc[0m[38;5;249mt[0m[38;5;249me[0m[38;5;249md[0m[38;5;249m_[0m[38;5;249mo
[0m[38;5;249mr[0m[38;5;249mi[0m[38;5;249mg[0m[38;5;249mi[0m[38;5;249mn[0m[38;5;249ma[0m[38;5;249ml[0m[38;5;249m_[0m[38;5
;249mf[0m[38;5;249mi[0m[38;5;249ml[0m[38;5;249me[0m[38;5;249mn[0m[38;5;249ma[0m[38;5;249mm[0m[38;5;249me[0m[38;5;249m 
[0m[38;5;249m=[0m[38;5;249m [0m[38;5;249m"[0m[38;5;249mC[0m[38;5;249m:[0m[38;5;249m\[0m[38;5;249m\[0m[38;5;249mU[0m[38;5
;249ms[0m[38;5;249me[0m[38;5;249mr[0m[38;5;249ms[0m[38;5;249m\[0m[38;5;249m\[0m[38;5;249mD[0m[38;5;249ma[0m[38;5;249mv[0m
[38;5;249mi[0m[38;5;249m\[0m[38;5;249m\[0m[38;5;249mD[0m[38;5;249me[0m[38;5;249ms[0m[38;5;249mk[0m[38;5;249mt[0m[38;5;249
mo[0m[38;5;249mp[0m[38;5;249m\[0m[38;5;249m\[0m[38;5;249mp[0m[38;5;249mr[0m[38;5;249mo[0m[38;5;249mj[0m[38;5;249me[0m[38
;5;249mt[0m[38;5;249mo[0m[38;5;249ms[0m[38;5;249m\[0m[38;5;249m\[0m[38;5;249mt[0m[38;5;249mo[0m[38;5;249mr[0m[38;5;249mk[
0m[38;5;249m-[0m[38;5;249mc[0m[38;5;249mr[0m[38;5;249mm[0m[38;5;249m\[0m[38;5;249m\[0m[38;5;249mv[0m[38;5;249mi[0m[38;5;2
49mt[0m[38;5;249me[0m[38;5;249m.[0m[38;5;249mc[0m[38;5;249mo[0m[38;5;249mn[0m[38;5;249mf[0m[38;5;249mi[0m[38;5;249mg[0m[
38;5;249m.[0m[38;5;249mt[0m[38;5;249ms[0m[38;5;249m"[0m[38;5;249m;[0m[38;5;249mc[0m[38;5;249mo[0m[38;5;249mn[0m[38;5;249ms
[0m[38;5;249mt[0m[38;5;249m [0m[38;5;249m_[0m[38;5;249m_[0m[38;5;249mv[0m[38;5;249mi[0m[38;5;249mt[0m[38;5;249me[0m[38;5
;249m_[0m[38;5;249mi[0m[38;5;249mn[0m[38;5;249mj[0m[38;5;249me[0m[38;5;249mc[0m[38;5;249mt[0m[38;5;249me[0m[38;5;249md[0m
[38;5;249m_[0m[38;5;249mo[0m[38;5;249mr[0m[38;5;249mi[0m[38;5;249mg[0m[38;5;249mi[0m[38;5;249mn[0m[38;5;249ma[0m[38;5;249
ml[0m[38;5;249m_[0m[38;5;249mi[0m[38;5;249mm[0m[38;5;249mp[0m[38;5;249mo[0m[38;5;249mr[0m[38;5;249mt[0m[38;5;249m_[0m[38
;5;249mm[0m[38;5;249me[0m[38;5;249mt[0m[38;5;249ma[0m[38;5;249m_[0m[38;5;249mu[0m[38;5;249mr[0m[38;5;249ml[0m[38;5;249m 
[0m[38;5;249m=[0m[38;5;249m [0m[38;5;249m"[0m[38;5;249mf[0m[38;5;249mi[0m[38;5;249ml[0m[38;5;249me[0m[38;5;249m:[0m[38;5
;249m/[0m[38;5;249m/[0m[38;5;249m/[0m[38;5;249mC[0m[38;5;249m:[0m[38;5;249m/[0m[38;5;249mU[0m[38;5;249ms[0m[38;5;249me[0m
[38;5;249mr[0m[38;5;249ms[0m[38;5;249m/[0m[38;5;249mD[0m[38;5;249ma[0m[38;5;249mv[0m[38;5;249mi[0m[38;5;249m/[0m[38;5;249
mD[0m[38;5;249me[0m[38;5;249ms[0m[38;5;249mk[0m[38;5;249mt[0m[38;5;249mo[0m[38;5;249mp[0m[38;5;249m/[0m[38;5;249mp[0m[38
;5;249mr[0m[38;5;249mo[0m[38;5;249mj[0m[38;5;249me[0m[38;5;249mt[0m[38;5;249mo[0m[38;5;249ms[0m[38;5;249m/[0m[38;5;249mt[
0m[38;5;249mo[0m[38;5;249mr[0m[38;5;249mk[0m[38;5;249m-[0m[38;5;249mc[0m[38;5;249mr[0m[38;5;249mm[0m[38;5;249m/[0m[38;5;2
49mv[0m[38;5;249mi[0m[38;5;249mt[0m[38;5;249me[0m[38;5;249m.[0m[38;5;249mc[0m[38;5;249mo[0m[38;5;249mn[0m[38;5;249mf[0m[
38;5;249mi[0m[38;5;249mg[0m[38;5;249m.[0m[38;5;249mt[0m[38;5;249ms[0m[38;5;249m"[0m[38;5;249m;[0m[38;5;249mi[0m[38;5;249mm
[0m[38;5;249mp[0m[38;5;249mo[0m[38;5;249mr[0m[38;5;249mt[0m[38;5;249m [0m[38;5;249m{[0m[38;5;249m [0m[38;5;249md[0m[38;5
;249me[0m[38;5;249mf[0m[38;5;249mi[0m[38;5;249mn[0m[38;5;249me[0m[38;5;249mC[0m[38;5;249mo[0m[38;5;249mn[0m[38;5;249mf[0m
[38;5;249mi[0m[38;5;249mg[0m[38;5;249m [0m[38;5;249m}[0m[38;5;249m 
[0m[38;5;249mf[0m[38;5;249mr[0m[38;5;249mo[0m[38;5;249mm[0m[38;5;249m [0m"vite"[38;5;249m;[0m
 [38;5;240m  Ôöé[0m                                                                                                                     
                                                                                                                                          
                                                                                  ÔöÇÔöÇÔöÇÔö¼ÔöÇÔöÇ  
 [38;5;240m  Ôöé[0m                                                                                                                     
                                                                                                                                          
                                                                                     Ôò░ÔöÇÔöÇÔöÇÔöÇ Module not found, treating it as an 
external dependency
[38;5;246mÔöÇÔöÇÔöÇÔò»[0m

vite.config.ts (2:18) [33m[UNRESOLVED_IMPORT] Warning:[0m Could not resolve '@vitejs/plugin-react-swc' in vite.config.ts
   [38;5;246mÔò¡[0m[38;5;246mÔöÇ[0m[38;5;246m[[0m vite.config.ts:2:19 [38;5;246m][0m
   [38;5;246mÔöé[0m
 [38;5;246m2 Ôöé[0m [38;5;249mi[0m[38;5;249mm[0m[38;5;249mp[0m[38;5;249mo[0m[38;5;249mr[0m[38;5;249mt[0m[38;5;249m 
[0m[38;5;249mr[0m[38;5;249me[0m[38;5;249ma[0m[38;5;249mc[0m[38;5;249mt[0m[38;5;249m 
[0m[38;5;249mf[0m[38;5;249mr[0m[38;5;249mo[0m[38;5;249mm[0m[38;5;249m [0m"@vitejs/plugin-react-swc"[38;5;249m;[0m
 [38;5;240m  Ôöé[0m                   ÔöÇÔöÇÔöÇÔöÇÔöÇÔöÇÔöÇÔöÇÔöÇÔöÇÔöÇÔöÇÔöÇÔö¼ÔöÇÔöÇÔöÇÔöÇÔöÇÔöÇÔöÇÔöÇÔöÇÔöÇÔöÇÔöÇ  
 [38;5;240m  Ôöé[0m                                Ôò░ÔöÇÔöÇÔöÇÔöÇÔöÇÔöÇÔöÇÔöÇÔöÇÔöÇÔöÇÔöÇÔöÇÔöÇ Module not found, treating it as an 
external dependency
[38;5;246mÔöÇÔöÇÔöÇÔò»[0m

vite.config.ts (4:32) [33m[UNRESOLVED_IMPORT] Warning:[0m Could not resolve 'lovable-tagger' in vite.config.ts
   [38;5;246mÔò¡[0m[38;5;246mÔöÇ[0m[38;5;246m[[0m vite.config.ts:4:33 [38;5;246m][0m
   [38;5;246mÔöé[0m
 [38;5;246m4 Ôöé[0m [38;5;249mi[0m[38;5;249mm[0m[38;5;249mp[0m[38;5;249mo[0m[38;5;249mr[0m[38;5;249mt[0m[38;5;249m 
[0m[38;5;249m{[0m[38;5;249m [0m[38;5;249mc[0m[38;5;249mo[0m[38;5;249mm[0m[38;5;249mp[0m[38;5;249mo[0m[38;5;249mn[0m[38;5
;249me[0m[38;5;249mn[0m[38;5;249mt[0m[38;5;249mT[0m[38;5;249ma[0m[38;5;249mg[0m[38;5;249mg[0m[38;5;249me[0m[38;5;249mr[0m
[38;5;249m [0m[38;5;249m}[0m[38;5;249m [0m[38;5;249mf[0m[38;5;249mr[0m[38;5;249mo[0m[38;5;249mm[0m[38;5;249m 
[0m"lovable-tagger"[38;5;249m;[0m
 [38;5;240m  Ôöé[0m                                 ÔöÇÔöÇÔöÇÔöÇÔöÇÔöÇÔöÇÔöÇÔö¼ÔöÇÔöÇÔöÇÔöÇÔöÇÔöÇÔöÇ  
 [38;5;240m  Ôöé[0m                                         Ôò░ÔöÇÔöÇÔöÇÔöÇÔöÇÔöÇÔöÇÔöÇÔöÇ Module not found, treating it as an external 
dependency
[38;5;246mÔöÇÔöÇÔöÇÔò»[0m

[31mfailed to load config from C:\Users\Davi\Desktop\projetos\tork-crm\vite.config.ts[39m
[31merror during build:
Error [ERR_MODULE_NOT_FOUND]: Cannot find package 'vite' imported from 
C:\Users\Davi\node_modules\.vite-temp\vite.config.ts.timestamp-1776106733583-0c3a7c48acfc2.mjs
    at Object.getPackageJSONURL (node:internal/modules/package_json_reader:268:9)
    at packageResolve (node:internal/modules/esm/resolve:768:81)
    at moduleResolve (node:internal/modules/esm/resolve:854:18)
    at defaultResolve (node:internal/modules/esm/resolve:984:11)
    at ModuleLoader.defaultResolve (node:internal/modules/esm/loader:685:12)
    at #cachedDefaultResolve (node:internal/modules/esm/loader:634:25)
    at ModuleLoader.resolve (node:internal/modules/esm/loader:617:38)
    at ModuleLoader.getModuleJobForImport (node:internal/modules/esm/loader:273:38)
    at ModuleJob._link (node:internal/modules/esm/module_job:135:49) {
  code: 'ERR_MODULE_NOT_FOUND'
}[39m
